▲ Next.js 16.2.10 (Turbopack)
- Local:         http://localhost:3000
- Network:       http://172.16.0.2:3000
- Environments: .env
✓ Ready in 1041ms

○ Compiling / ...
 GET / 200 in 5.5s (next.js: 4.9s, application-code: 668ms)
 GET / 200 in 171ms (next.js: 19ms, application-code: 152ms)
 GET /api/entries/today 200 in 808ms (next.js: 583ms, application-code: 225ms)
 GET /api/entries/today 200 in 25ms (next.js: 9ms, application-code: 16ms)
⨯ Error [PrismaClientValidationError]: 
Invalid `{imported module ./src/lib/prisma.ts}["prisma"].entry.upsert()` invocation in
C:\Users\sunil\Desktop\projects\moodie\.next\dev\server\chunks\[root-of-the-server]__0lvkxwi._.js:362:160

  359         }))
  360     }
  361 };
→ 362 const entry = await {imported module ./src/lib/prisma.ts}["prisma"].entry.upsert({
        where: {
          date: "2026-07-12"
        },
        update: {
          date: "2026-07-12",
          mood: 2,
          energy: 1,
          activityLevel: 1,
          sleepHours: 8,
          waterLevel: "1–2L",
          stress: 3,
          note: "got my period :(, really tired and in pain. first version of moodie. learning typescript.",
          activities: {
            deleteMany: {},
            create: [
              {
                activityId: "cmrhz988z0002moy8nk3mgla1"
              },
              {
                activityId: "cmrhz98dl000bmoy8a86ns6u8"
              },
              {
                activityId: "cmrhz98ga000hmoy8fpwaoodi"
              },
              {
                activityId: "cmrhz989d0003moy8gb5nnfwd"
              }
            ]
          }
        },
        create: {
          date: "2026-07-12",
          mood: 2,
          energy: 1,
          activityLevel: 1,
          sleepHours: 8,
          waterLevel: "1–2L",
          stress: 3,
          note: "got my period :(, really tired and in pain. first version of moodie. learning typescript.",
          activities: {
            deleteMany: {},
            ~~~~~~~~~~
            create: [
              {
                activityId: "cmrhz988z0002moy8nk3mgla1"
              },
              {
                activityId: "cmrhz98dl000bmoy8a86ns6u8"
              },
              {
                activityId: "cmrhz98ga000hmoy8fpwaoodi"
              },
              {
                activityId: "cmrhz989d0003moy8gb5nnfwd"
              }
            ],
      ?     connectOrCreate?: EntryActivityCreateOrConnectWithoutEntryInput | EntryActivityCreateOrConnectWithoutEntryInput[],
      ?     createMany?: EntryActivityCreateManyEntryInputEnvelope,
      ?     connect?: EntryActivityWhereUniqueInput | EntryActivityWhereUniqueInput[]
          }
        },
        include: {
          activities: {
            include: {
              activity: true
            }
          }
        }
      })

Unknown argument `deleteMany`. Available options are marked with ?.
    at <unknown> (src\app\api\entries\route.ts:32:36)
    at async POST (src\app\api\entries\route.ts:32:17)
  30 |   }
  31 |
> 32 |   const entry = await prisma.entry.upsert({
     |                                    ^
  33 |     where: { date },
  34 |     update: data,
  35 |     create: data, {
  clientVersion: '7.8.0'
}
 POST /api/entries 500 in 467ms (next.js: 183ms, application-code: 283ms)
 GET /calendar 200 in 1006ms (next.js: 942ms, application-code: 64ms)
 GET /api/entries?month=7&year=2026 200 in 44ms (next.js: 9ms, application-code: 35ms)
 GET /api/entries?month=7&year=2026 200 in 36ms (next.js: 9ms, application-code: 27ms)
 GET / 200 in 63ms (next.js: 10ms, application-code: 54ms)
 GET /api/entries/today 200 in 28ms (next.js: 9ms, application-code: 19ms)
 GET /api/entries/today 200 in 22ms (next.js: 6ms, application-code: 15ms)
 GET /calendar 200 in 53ms (next.js: 10ms, application-code: 43ms)
 GET /api/entries?month=7&year=2026 200 in 28ms (next.js: 12ms, application-code: 16ms)
 GET /api/entries?month=7&year=2026 200 in 28ms (next.js: 5ms, application-code: 23ms)
 GET /api/entries?month=6&year=2026 200 in 23ms (next.js: 7ms, application-code: 16ms)
 GET /api/entries?month=7&year=2026 200 in 19ms (next.js: 5ms, application-code: 13ms)
 GET /discoveries 200 in 564ms (next.js: 506ms, application-code: 57ms)
 GET /api/discoveries 200 in 222ms (next.js: 209ms, application-code: 13ms)
 GET /api/discoveries 200 in 18ms (next.js: 6ms, application-code: 13ms)
 GET /habits 200 in 484ms (next.js: 436ms, application-code: 48ms)
 GET /api/habits?month=7&year=2026 200 in 186ms (next.js: 168ms, application-code: 17ms)
 GET /api/habits?month=7&year=2026 200 in 19ms (next.js: 6ms, application-code: 14ms)
 POST /api/habits 200 in 52ms (next.js: 5ms, application-code: 46ms)
 POST /api/habits 200 in 40ms (next.js: 3ms, application-code: 37ms)
 GET / 200 in 52ms (next.js: 9ms, application-code: 44ms)
 GET /api/entries/today 200 in 27ms (next.js: 6ms, application-code: 21ms)
 GET /api/entries/today 200 in 29ms (next.js: 9ms, application-code: 20ms)
⨯ Error [PrismaClientValidationError]: 
Invalid `{imported module ./src/lib/prisma.ts}["prisma"].entry.upsert()` invocation in
C:\Users\sunil\Desktop\projects\moodie\.next\dev\server\chunks\[root-of-the-server]__0lvkxwi._.js:362:160

  359         }))
  360     }
  361 };
→ 362 const entry = await {imported module ./src/lib/prisma.ts}["prisma"].entry.upsert({
        where: {
          date: "2026-07-12"
        },
        update: {
          date: "2026-07-12",
          mood: 3,
          energy: 0,
          activityLevel: 0,
          sleepHours: 0,
          waterLevel: "",
          stress: 0,
          note: null,
          activities: {
            deleteMany: {},
            create: []
          }
        },
        create: {
          date: "2026-07-12",
          mood: 3,
          energy: 0,
          activityLevel: 0,
          sleepHours: 0,
          waterLevel: "",
          stress: 0,
          note: null,
          activities: {
            deleteMany: {},
            ~~~~~~~~~~
            create: [],
      ?     connectOrCreate?: EntryActivityCreateOrConnectWithoutEntryInput | EntryActivityCreateOrConnectWithoutEntryInput[],
      ?     createMany?: EntryActivityCreateManyEntryInputEnvelope,
      ?     connect?: EntryActivityWhereUniqueInput | EntryActivityWhereUniqueInput[]
          }
        },
        include: {
          activities: {
            include: {
              activity: true
            }
          }
        }
      })

Unknown argument `deleteMany`. Available options are marked with ?.
    at <unknown> (src\app\api\entries\route.ts:32:36)
    at async POST (src\app\api\entries\route.ts:32:17)
  30 |   }
  31 |
> 32 |   const entry = await prisma.entry.upsert({
     |                                    ^
  33 |     where: { date },
  34 |     update: data,
  35 |     create: data, {
  clientVersion: '7.8.0'
}
 POST /api/entries 500 in 214ms (next.js: 8ms, application-code: 207ms)
 GET /habits 200 in 38ms (next.js: 8ms, application-code: 31ms)
 GET /api/habits?month=7&year=2026 200 in 20ms (next.js: 7ms, application-code: 13ms)
 GET /api/habits?month=7&year=2026 200 in 17ms (next.js: 3ms, application-code: 14ms)
 GET /calendar 200 in 34ms (next.js: 9ms, application-code: 26ms)
 GET /api/entries?month=7&year=2026 200 in 19ms (next.js: 6ms, application-code: 14ms)
 GET /api/entries?month=7&year=2026 200 in 19ms (next.js: 7ms, application-code: 11ms)
 GET / 200 in 29ms (next.js: 3ms, application-code: 26ms)
 GET /api/entries/today 200 in 15ms (next.js: 6ms, application-code: 9ms)
 GET /api/entries/today 200 in 20ms (next.js: 5ms, application-code: 16ms)
 GET / 200 in 631ms (next.js: 243ms, application-code: 387ms)
 GET / 200 in 264ms (next.js: 32ms, application-code: 232ms)
 GET /api/entries/today 200 in 51ms (next.js: 22ms, application-code: 29ms)
⨯ Error [PrismaClientValidationError]: 
Invalid `{imported module ./src/lib/prisma.ts}["prisma"].entry.upsert()` invocation in
C:\Users\sunil\Desktop\projects\moodie\.next\dev\server\chunks\[root-of-the-server]__0lvkxwi._.js:362:160

  359         }))
  360     }
  361 };
→ 362 const entry = await {imported module ./src/lib/prisma.ts}["prisma"].entry.upsert({
        where: {
          date: "2026-07-12"
        },
        update: {
          date: "2026-07-12",
          mood: 2,
          energy: 0,
          activityLevel: 0,
          sleepHours: 0,
          waterLevel: "",
          stress: 0,
          note: null,
          activities: {
            deleteMany: {},
            create: []
          }
        },
        create: {
          date: "2026-07-12",
          mood: 2,
          energy: 0,
          activityLevel: 0,
          sleepHours: 0,
          waterLevel: "",
          stress: 0,
          note: null,
          activities: {
            deleteMany: {},
            ~~~~~~~~~~
            create: [],
      ?     connectOrCreate?: EntryActivityCreateOrConnectWithoutEntryInput | EntryActivityCreateOrConnectWithoutEntryInput[],
      ?     createMany?: EntryActivityCreateManyEntryInputEnvelope,
      ?     connect?: EntryActivityWhereUniqueInput | EntryActivityWhereUniqueInput[]
          }
        },
        include: {
          activities: {
            include: {
              activity: true
            }
          }
        }
      })

Unknown argument `deleteMany`. Available options are marked with ?.
    at <unknown> (src\app\api\entries\route.ts:32:36)
    at async POST (src\app\api\entries\route.ts:32:17)
  30 |   }
  31 |
> 32 |   const entry = await prisma.entry.upsert({
     |                                    ^
  33 |     where: { date },
  34 |     update: data,
  35 |     create: data, {
  clientVersion: '7.8.0'
}
 POST /api/entries 500 in 822ms (next.js: 29ms, application-code: 793ms)
 GET /calendar 200 in 103ms (next.js: 32ms, application-code: 71ms)
 GET /api/entries?month=7&year=2026 200 in 46ms (next.js: 10ms, application-code: 36ms)
 GET /api/entries?month=7&year=2026 200 in 36ms (next.js: 12ms, application-code: 24ms)
 GET /habits 200 in 101ms (next.js: 32ms, application-code: 69ms)
 GET /api/habits?month=7&year=2026 200 in 32ms (next.js: 13ms, application-code: 19ms)
 GET /api/habits?month=7&year=2026 200 in 37ms (next.js: 7ms, application-code: 30ms)
 GET /discoveries 200 in 98ms (next.js: 21ms, application-code: 77ms)
 GET /api/discoveries 200 in 32ms (next.js: 12ms, application-code: 19ms)
 GET /api/discoveries 200 in 23ms (next.js: 6ms, application-code: 17ms)
 GET /habits 200 in 74ms (next.js: 10ms, application-code: 64ms)
 GET /api/habits?month=7&year=2026 200 in 32ms (next.js: 11ms, application-code: 21ms)
 GET /api/habits?month=7&year=2026 200 in 24ms (next.js: 7ms, application-code: 17ms)
 GET / 200 in 70ms (next.js: 9ms, application-code: 60ms)
 GET /api/entries/today 200 in 36ms (next.js: 14ms, application-code: 22ms)
 GET /api/entries/today 200 in 45ms (next.js: 12ms, application-code: 33ms)
✓ Compiled in 304ms
 GET / 200 in 769ms (next.js: 443ms, application-code: 326ms)
 GET / 200 in 143ms (next.js: 19ms, application-code: 123ms)
 GET / 200 in 380ms (next.js: 180ms, application-code: 200ms)
 GET / 200 in 152ms (next.js: 5ms, application-code: 146ms)
 GET / 200 in 94ms (next.js: 10ms, application-code: 84ms)
 GET / 200 in 823ms (next.js: 201ms, application-code: 622ms)
 GET / 200 in 134ms (next.js: 17ms, application-code: 117ms)
 GET /api/entries/today 200 in 219ms (next.js: 151ms, application-code: 68ms)
⨯ Error [PrismaClientValidationError]: 
Invalid `{imported module ./src/lib/prisma.ts}["prisma"].entry.upsert()` invocation in
C:\Users\sunil\Desktop\projects\moodie\.next\dev\server\chunks\[root-of-the-server]__12o9062._.js:443:160

  440         }))
  441     }
  442 };
→ 443 const entry = await {imported module ./src/lib/prisma.ts}["prisma"].entry.upsert({
        where: {
          date: "2026-07-17"
        },
        update: {
          date: "2026-07-17",
          mood: 2,
          energy: 2,
          activityLevel: 3,
          sleepHours: 6,
          waterLevel: "<1L",
          stress: 2,
          note: "this was for yesterday",
          activities: {
            deleteMany: {},
            create: [
              {
                activityId: "cmrhz98au0006moy8xm22qodf"
              },
              {
                activityId: "cmrhz98e1000cmoy801l4klmg"
              },
              {
                activityId: "cmrhz98iz000nmoy8wkewnr7p"
              }
            ]
          }
        },
        create: {
          date: "2026-07-17",
          mood: 2,
          energy: 2,
          activityLevel: 3,
          sleepHours: 6,
          waterLevel: "<1L",
          stress: 2,
          note: "this was for yesterday",
          activities: {
            deleteMany: {},
            ~~~~~~~~~~
            create: [
              {
                activityId: "cmrhz98au0006moy8xm22qodf"
              },
              {
                activityId: "cmrhz98e1000cmoy801l4klmg"
              },
              {
                activityId: "cmrhz98iz000nmoy8wkewnr7p"
              }
            ],
      ?     connectOrCreate?: EntryActivityCreateOrConnectWithoutEntryInput | EntryActivityCreateOrConnectWithoutEntryInput[],
      ?     createMany?: EntryActivityCreateManyEntryInputEnvelope,
      ?     connect?: EntryActivityWhereUniqueInput | EntryActivityWhereUniqueInput[]
          }
        },
        include: {
          activities: {
            include: {
              activity: true
            }
          }
        }
      })

Unknown argument `deleteMany`. Available options are marked with ?.
    at <unknown> (src\app\api\entries\route.ts:33:36)
    at async POST (src\app\api\entries\route.ts:33:17)
  31 |   }
  32 |
> 33 |   const entry = await prisma.entry.upsert({
     |                                    ^
  34 |     where: { date },
  35 |     update: data,
  36 |     create: data, {
  clientVersion: '7.8.0'
}
 POST /api/entries 500 in 514ms (next.js: 203ms, application-code: 311ms)
 GET /calendar 200 in 303ms (next.js: 238ms, application-code: 65ms)
 GET /api/entries?month=7&year=2026 200 in 64ms (next.js: 40ms, application-code: 24ms)
 GET /api/entries?month=7&year=2026 200 in 20ms (next.js: 5ms, application-code: 15ms)
 GET /discoveries 200 in 84ms (next.js: 44ms, application-code: 40ms)
 GET /api/discoveries 200 in 100ms (next.js: 83ms, application-code: 17ms)
 GET /api/discoveries 200 in 20ms (next.js: 6ms, application-code: 14ms)
 GET /habits 200 in 91ms (next.js: 53ms, application-code: 38ms)
 GET /api/habits?month=7&year=2026 200 in 89ms (next.js: 72ms, application-code: 16ms)
 GET /api/habits?month=7&year=2026 200 in 16ms (next.js: 5ms, application-code: 11ms)
 GET /calendar 200 in 57ms (next.js: 10ms, application-code: 47ms)
 GET /api/entries?month=7&year=2026 200 in 28ms (next.js: 11ms, application-code: 18ms)
 GET /api/entries?month=7&year=2026 200 in 18ms (next.js: 7ms, application-code: 11ms)
✓ Compiled in 440ms
 GET /calendar 200 in 259ms (next.js: 178ms, application-code: 81ms)
✓ Compiled in 175ms
 GET /calendar 200 in 270ms (next.js: 196ms, application-code: 74ms)
✓ Compiled in 94ms
 GET /calendar 200 in 241ms (next.js: 178ms, application-code: 63ms)
✓ Compiled in 81ms
 GET /calendar 200 in 423ms (next.js: 312ms, application-code: 112ms)
✓ Compiled in 232ms
 GET /calendar 200 in 317ms (next.js: 191ms, application-code: 126ms)
 GET /calendar 200 in 434ms (next.js: 275ms, application-code: 159ms)
 GET /discoveries 200 in 513ms (next.js: 403ms, application-code: 110ms)
 GET /api/discoveries 200 in 213ms (next.js: 173ms, application-code: 40ms)
 GET /api/discoveries 200 in 45ms (next.js: 14ms, application-code: 30ms)
 GET /habits 200 in 346ms (next.js: 253ms, application-code: 93ms)
 GET /api/habits?month=7&year=2026 200 in 123ms (next.js: 85ms, application-code: 38ms)
 GET /api/habits?month=7&year=2026 200 in 21ms (next.js: 6ms, application-code: 15ms)
 POST /api/habits 200 in 39ms (next.js: 4ms, application-code: 35ms)
 POST /api/habits 200 in 36ms (next.js: 9ms, application-code: 26ms)
 POST /api/habits 200 in 51ms (next.js: 6ms, application-code: 45ms)
 POST /api/habits 200 in 34ms (next.js: 8ms, application-code: 26ms)
 GET / 200 in 366ms (next.js: 140ms, application-code: 226ms)
 GET / 200 in 103ms (next.js: 12ms, application-code: 91ms)
 GET /api/entries/today 200 in 190ms (next.js: 160ms, application-code: 31ms)
⨯ Error [PrismaClientValidationError]: 
Invalid `{imported module ./src/lib/prisma.ts}["prisma"].entry.upsert()` invocation in
C:\Users\sunil\Desktop\projects\moodie\.next\dev\server\chunks\[root-of-the-server]__12o9062._.js:443:160

  440         }))
  441     }
  442 };
→ 443 const entry = await {imported module ./src/lib/prisma.ts}["prisma"].entry.upsert({
        where: {
          date: "2026-07-17"
        },
        update: {
          date: "2026-07-17",
          mood: 3,
          energy: 3,
          activityLevel: 3,
          sleepHours: 7,
          waterLevel: "<1L",
          stress: 2,
          note: null,
          activities: {
            deleteMany: {},
            create: [
              {
                activityId: "cmrhz988z0002moy8nk3mgla1"
              },
              {
                activityId: "cmrhz98au0006moy8xm22qodf"
              }
            ]
          }
        },
        create: {
          date: "2026-07-17",
          mood: 3,
          energy: 3,
          activityLevel: 3,
          sleepHours: 7,
          waterLevel: "<1L",
          stress: 2,
          note: null,
          activities: {
            deleteMany: {},
            ~~~~~~~~~~
            create: [
              {
                activityId: "cmrhz988z0002moy8nk3mgla1"
              },
              {
                activityId: "cmrhz98au0006moy8xm22qodf"
              }
            ],
      ?     connectOrCreate?: EntryActivityCreateOrConnectWithoutEntryInput | EntryActivityCreateOrConnectWithoutEntryInput[],
      ?     createMany?: EntryActivityCreateManyEntryInputEnvelope,
      ?     connect?: EntryActivityWhereUniqueInput | EntryActivityWhereUniqueInput[]
          }
        },
        include: {
          activities: {
            include: {
              activity: true
            }
          }
        }
      })

Unknown argument `deleteMany`. Available options are marked with ?.
    at <unknown> (src\app\api\entries\route.ts:33:36)
    at async POST (src\app\api\entries\route.ts:33:17)
  31 |   }
  32 |
> 33 |   const entry = await prisma.entry.upsert({
     |                                    ^
  34 |     where: { date },
  35 |     update: data,
  36 |     create: data, {
  clientVersion: '7.8.0'
}
 POST /api/entries 500 in 367ms (next.js: 57ms, application-code: 310ms)
⨯ Error [PrismaClientValidationError]: 
Invalid `{imported module ./src/lib/prisma.ts}["prisma"].entry.upsert()` invocation in
C:\Users\sunil\Desktop\projects\moodie\.next\dev\server\chunks\[root-of-the-server]__12o9062._.js:443:160

  440         }))
  441     }
  442 };
→ 443 const entry = await {imported module ./src/lib/prisma.ts}["prisma"].entry.upsert({
        where: {
          date: "2026-07-17"
        },
        update: {
          date: "2026-07-17",
          mood: 3,
          energy: 3,
          activityLevel: 3,
          sleepHours: 7,
          waterLevel: "<1L",
          stress: 2,
          note: null,
          activities: {
            deleteMany: {},
            create: [
              {
                activityId: "cmrhz988z0002moy8nk3mgla1"
              },
              {
                activityId: "cmrhz98au0006moy8xm22qodf"
              }
            ]
          }
        },
        create: {
          date: "2026-07-17",
          mood: 3,
          energy: 3,
          activityLevel: 3,
          sleepHours: 7,
          waterLevel: "<1L",
          stress: 2,
          note: null,
          activities: {
            deleteMany: {},
            ~~~~~~~~~~
            create: [
              {
                activityId: "cmrhz988z0002moy8nk3mgla1"
              },
              {
                activityId: "cmrhz98au0006moy8xm22qodf"
              }
            ],
      ?     connectOrCreate?: EntryActivityCreateOrConnectWithoutEntryInput | EntryActivityCreateOrConnectWithoutEntryInput[],
      ?     createMany?: EntryActivityCreateManyEntryInputEnvelope,
      ?     connect?: EntryActivityWhereUniqueInput | EntryActivityWhereUniqueInput[]
          }
        },
        include: {
          activities: {
            include: {
              activity: true
            }
          }
        }
      })

Unknown argument `deleteMany`. Available options are marked with ?.
    at <unknown> (src\app\api\entries\route.ts:33:36)
    at async POST (src\app\api\entries\route.ts:33:17)
  31 |   }
  32 |
> 33 |   const entry = await prisma.entry.upsert({
     |                                    ^
  34 |     where: { date },
  35 |     update: data,
  36 |     create: data, {
  clientVersion: '7.8.0'
}
 POST /api/entries 500 in 171ms (next.js: 6ms, application-code: 165ms)
 GET /habits 200 in 365ms (next.js: 194ms, application-code: 171ms)
 GET / 200 in 99ms (next.js: 46ms, application-code: 53ms)
 GET / 200 in 425ms (next.js: 37ms, application-code: 388ms)
 GET /api/entries/today 200 in 157ms (next.js: 119ms, application-code: 38ms)
 POST /api/entries 200 in 305ms (next.js: 157ms, application-code: 148ms)
 GET /calendar 200 in 83ms (next.js: 44ms, application-code: 39ms)
 GET /api/entries?month=7&year=2026 200 in 26ms (next.js: 8ms, application-code: 18ms)
 GET /api/entries?month=7&year=2026 200 in 27ms (next.js: 9ms, application-code: 18ms)
 GET /discoveries 200 in 85ms (next.js: 37ms, application-code: 48ms)
 GET /api/discoveries 200 in 84ms (next.js: 68ms, application-code: 16ms)
 GET /api/discoveries 200 in 18ms (next.js: 5ms, application-code: 13ms)
 GET /habits 200 in 66ms (next.js: 47ms, application-code: 19ms)
 GET /api/habits?month=7&year=2026 200 in 95ms (next.js: 76ms, application-code: 19ms)
 GET /api/habits?month=7&year=2026 200 in 18ms (next.js: 5ms, application-code: 13ms)
 POST /api/habits 200 in 25ms (next.js: 4ms, application-code: 20ms)
 POST /api/habits 200 in 27ms (next.js: 4ms, application-code: 23ms)
 POST /api/habits 200 in 30ms (next.js: 6ms, application-code: 24ms)
 GET / 200 in 43ms (next.js: 11ms, application-code: 32ms)
 GET /api/entries/today 200 in 25ms (next.js: 8ms, application-code: 16ms)
 GET /api/entries/today 200 in 20ms (next.js: 6ms, application-code: 14ms)
 GET / 200 in 1493ms (next.js: 753ms, application-code: 740ms)
 GET /api/entries/today 200 in 290ms (next.js: 116ms, application-code: 174ms)
 GET /calendar 200 in 421ms (next.js: 161ms, application-code: 261ms)
 GET /api/entries?month=7&year=2026 200 in 96ms (next.js: 25ms, application-code: 71ms)
 GET /api/entries?month=7&year=2026 200 in 26ms (next.js: 6ms, application-code: 20ms)
 GET /discoveries 200 in 77ms (next.js: 22ms, application-code: 54ms)
 GET /api/discoveries 200 in 50ms (next.js: 14ms, application-code: 36ms)
 GET /api/discoveries 200 in 24ms (next.js: 8ms, application-code: 15ms)
 GET /habits 200 in 116ms (next.js: 26ms, application-code: 91ms)
 GET /api/habits?month=7&year=2026 200 in 53ms (next.js: 19ms, application-code: 35ms)
 GET /api/habits?month=7&year=2026 200 in 31ms (next.js: 9ms, application-code: 21ms)
 GET / 200 in 80ms (next.js: 22ms, application-code: 57ms)
 GET /api/entries/today 200 in 74ms (next.js: 17ms, application-code: 58ms)
 GET /api/entries/today 200 in 28ms (next.js: 8ms, application-code: 20ms)
✓ Compiled in 253ms
 GET /calendar 200 in 36ms (next.js: 14ms, application-code: 22ms)
 GET /api/entries?month=7&year=2026 200 in 29ms (next.js: 9ms, application-code: 20ms)
 GET /api/entries?month=7&year=2026 200 in 24ms (next.js: 6ms, application-code: 18ms)
 GET /calendar 200 in 130ms (next.js: 16ms, application-code: 114ms)
✓ Compiled in 1243ms
 GET / 200 in 1227ms (next.js: 868ms, application-code: 359ms)
 GET / 200 in 768ms (next.js: 453ms, application-code: 314ms)
 GET / 200 in 371ms (next.js: 34ms, application-code: 337ms)
 GET / 200 in 239ms (next.js: 33ms, application-code: 206ms)
 GET / 200 in 239ms (next.js: 151ms, application-code: 89ms)
✓ Compiled in 3.4s
 GET / 200 in 4.4s (next.js: 2.3s, application-code: 2.1s)
 GET / 200 in 1451ms (next.js: 391ms, application-code: 1060ms)
 GET / 200 in 220ms (next.js: 107ms, application-code: 113ms)
 GET / 200 in 6.8s (next.js: 3.1s, application-code: 3.7s)
 GET / 200 in 231ms (next.js: 28ms, application-code: 202ms)
 GET / 200 in 1464ms (next.js: 545ms, application-code: 920ms)
 GET /api/entries/today 200 in 199ms (next.js: 161ms, application-code: 38ms)
 GET /api/entries/today 200 in 26ms (next.js: 7ms, application-code: 19ms)
 GET /calendar 200 in 337ms (next.js: 228ms, application-code: 109ms)
 GET /api/entries?month=7&year=2026 200 in 210ms (next.js: 180ms, application-code: 30ms)
 GET /api/entries?month=7&year=2026 200 in 35ms (next.js: 8ms, application-code: 27ms)
 GET /discoveries 200 in 417ms (next.js: 323ms, application-code: 94ms)
 GET /api/discoveries 200 in 112ms (next.js: 89ms, application-code: 23ms)
 GET /api/discoveries 200 in 30ms (next.js: 9ms, application-code: 21ms)
 GET /calendar 200 in 28ms (next.js: 8ms, application-code: 21ms)
 GET /api/entries?month=7&year=2026 200 in 28ms (next.js: 10ms, application-code: 18ms)
 GET /api/entries?month=7&year=2026 200 in 25ms (next.js: 9ms, application-code: 16ms)
 GET /habits 200 in 281ms (next.js: 191ms, application-code: 90ms)
 GET /api/habits?month=7&year=2026 200 in 173ms (next.js: 147ms, application-code: 26ms)
 GET /api/habits?month=7&year=2026 200 in 23ms (next.js: 8ms, application-code: 15ms)
✓ Compiled in 154ms
 GET /habits 200 in 500ms (next.js: 335ms, application-code: 166ms)
 POST /api/habits 200 in 185ms (next.js: 134ms, application-code: 51ms)
 POST /api/habits 200 in 27ms (next.js: 5ms, application-code: 23ms)
 POST /api/habits 200 in 43ms (next.js: 10ms, application-code: 34ms)
 POST /api/habits 200 in 32ms (next.js: 7ms, application-code: 25ms)
 GET / 200 in 144ms (next.js: 52ms, application-code: 91ms)
 GET /api/entries/today 200 in 226ms (next.js: 165ms, application-code: 61ms)
 GET /api/entries/today 200 in 51ms (next.js: 16ms, application-code: 34ms)
 GET / 200 in 510ms (next.js: 13ms, application-code: 497ms)
 GET /api/entries/today 200 in 48ms (next.js: 10ms, application-code: 38ms)
 GET /api/entries/today 200 in 43ms (next.js: 13ms, application-code: 29ms)
 GET /calendar 200 in 325ms (next.js: 213ms, application-code: 113ms)
 GET /api/entries?month=7&year=2026 200 in 135ms (next.js: 107ms, application-code: 29ms)
 GET /api/entries?month=7&year=2026 200 in 35ms (next.js: 10ms, application-code: 25ms)
 GET /calendar 200 in 55ms (next.js: 13ms, application-code: 42ms)
 GET /discoveries 200 in 57ms (next.js: 25ms, application-code: 32ms)
 GET /api/discoveries 200 in 139ms (next.js: 108ms, application-code: 30ms)
 GET /api/discoveries 200 in 33ms (next.js: 8ms, application-code: 25ms)
 GET /habits 200 in 27ms (next.js: 9ms, application-code: 18ms)
 GET /api/habits?month=7&year=2026 200 in 28ms (next.js: 8ms, application-code: 21ms)
 GET /api/habits?month=7&year=2026 200 in 19ms (next.js: 6ms, application-code: 14ms)
 GET / 200 in 47ms (next.js: 6ms, application-code: 41ms)
 GET /api/entries/today 200 in 17ms (next.js: 5ms, application-code: 12ms)
 GET /api/entries/today 200 in 17ms (next.js: 4ms, application-code: 13ms)
✓ Compiled in 230ms
✓ Compiled in 255ms
 GET /calendar 200 in 3.9s (next.js: 2.1s, application-code: 1839ms)
 GET /calendar 200 in 1828ms (next.js: 1144ms, application-code: 684ms)
 GET /calendar 200 in 536ms (next.js: 164ms, application-code: 372ms)
 GET /calendar 200 in 244ms (next.js: 54ms, application-code: 190ms)
 GET /calendar 200 in 4.4s (next.js: 1060ms, application-code: 3.3s)
 GET / 200 in 589ms (next.js: 27ms, application-code: 562ms)
 GET /api/entries/today 200 in 366ms (next.js: 318ms, application-code: 48ms)
 GET /api/entries/today 200 in 52ms (next.js: 19ms, application-code: 33ms)
 GET /calendar 200 in 46ms (next.js: 13ms, application-code: 34ms)
 GET /api/entries?month=7&year=2026 200 in 124ms (next.js: 98ms, application-code: 26ms)
 GET /api/entries?month=7&year=2026 200 in 38ms (next.js: 10ms, application-code: 29ms)
 GET / 200 in 69ms (next.js: 11ms, application-code: 58ms)
 GET /api/entries/today 200 in 25ms (next.js: 6ms, application-code: 18ms)
 GET /api/entries/today 200 in 24ms (next.js: 5ms, application-code: 19ms)
 GET /calendar 200 in 26ms (next.js: 6ms, application-code: 20ms)
 GET /api/entries?month=7&year=2026 200 in 28ms (next.js: 9ms, application-code: 19ms)
 GET /api/entries?month=7&year=2026 200 in 23ms (next.js: 6ms, application-code: 17ms)
 GET / 200 in 21ms (next.js: 5ms, application-code: 17ms)
 GET /api/entries/today 200 in 18ms (next.js: 7ms, application-code: 11ms)
 GET /api/entries/today 200 in 25ms (next.js: 5ms, application-code: 20ms)
✓ Compiled in 1489ms
 GET / 200 in 3.3s (next.js: 1293ms, application-code: 1990ms)
 GET / 200 in 311ms (next.js: 200ms, application-code: 111ms)
 GET / 200 in 314ms (next.js: 127ms, application-code: 187ms)
 GET / 200 in 1506ms (next.js: 1091ms, application-code: 415ms)
 GET / 200 in 349ms (next.js: 17ms, application-code: 332ms)
 GET /api/entries/today 200 in 261ms (next.js: 224ms, application-code: 36ms)
 GET /api/entries/today 200 in 42ms (next.js: 14ms, application-code: 27ms)
 GET / 200 in 80ms (next.js: 11ms, application-code: 70ms)
 GET /api/entries/today 200 in 9ms (next.js: 4ms, application-code: 6ms)
 GET /api/entries/today 200 in 16ms (next.js: 5ms, application-code: 11ms)
 GET /habits 200 in 569ms (next.js: 204ms, application-code: 365ms)
 GET /api/habits?month=7&year=2026 200 in 91ms (next.js: 72ms, application-code: 19ms)
 GET / 200 in 195ms (next.js: 27ms, application-code: 167ms)
 GET /api/entries/today 200 in 23ms (next.js: 8ms, application-code: 16ms)
 GET /api/entries/today 200 in 24ms (next.js: 6ms, application-code: 18ms)
 GET / 200 in 128ms (next.js: 15ms, application-code: 114ms)
 GET /api/entries/today 200 in 33ms (next.js: 12ms, application-code: 22ms)
 GET /api/entries/today 200 in 31ms (next.js: 10ms, application-code: 21ms)
 GET /calendar 200 in 439ms (next.js: 317ms, application-code: 121ms)
 GET /api/entries?month=7&year=2026 200 in 151ms (next.js: 125ms, application-code: 26ms)
 GET /api/entries?month=7&year=2026 200 in 33ms (next.js: 10ms, application-code: 22ms)
 GET /api/entries?month=8&year=2026 200 in 23ms (next.js: 8ms, application-code: 15ms)
 GET /api/entries?month=7&year=2026 200 in 24ms (next.js: 11ms, application-code: 13ms)
 GET /api/entries?month=6&year=2026 200 in 21ms (next.js: 6ms, application-code: 15ms)
 GET /api/entries?month=5&year=2026 200 in 20ms (next.js: 8ms, application-code: 11ms)
 GET /api/entries?month=4&year=2026 200 in 16ms (next.js: 8ms, application-code: 7ms)
 GET /api/entries?month=3&year=2026 200 in 33ms (next.js: 10ms, application-code: 23ms)
 GET /api/entries?month=2&year=2026 200 in 19ms (next.js: 8ms, application-code: 11ms)
 GET /api/entries?month=1&year=2026 200 in 18ms (next.js: 6ms, application-code: 13ms)
 GET /api/entries?month=12&year=2025 200 in 15ms (next.js: 4ms, application-code: 11ms)
 GET /api/entries?month=11&year=2025 200 in 18ms (next.js: 5ms, application-code: 12ms)
 GET /api/entries?month=12&year=2025 200 in 16ms (next.js: 7ms, application-code: 8ms)
 GET /api/entries?month=1&year=2026 200 in 15ms (next.js: 4ms, application-code: 11ms)
 GET /api/entries?month=2&year=2026 200 in 17ms (next.js: 7ms, application-code: 9ms)
 GET /api/entries?month=3&year=2026 200 in 17ms (next.js: 4ms, application-code: 13ms)
 GET /api/entries?month=4&year=2026 200 in 22ms (next.js: 10ms, application-code: 11ms)
 GET /api/entries?month=5&year=2026 200 in 14ms (next.js: 3ms, application-code: 11ms)
 GET /api/entries?month=6&year=2026 200 in 13ms (next.js: 5ms, application-code: 8ms)
 GET /api/entries?month=7&year=2026 200 in 14ms (next.js: 4ms, application-code: 10ms)
 GET /habits 200 in 34ms (next.js: 10ms, application-code: 24ms)
 GET /api/habits?month=7&year=2026 200 in 37ms (next.js: 9ms, application-code: 28ms)
 GET /api/habits?month=7&year=2026 200 in 45ms (next.js: 26ms, application-code: 20ms)
 GET /discoveries 200 in 323ms (next.js: 226ms, application-code: 97ms)
 GET /api/discoveries 200 in 134ms (next.js: 110ms, application-code: 24ms)
 GET /api/discoveries 200 in 33ms (next.js: 9ms, application-code: 24ms)
 GET / 200 in 28ms (next.js: 8ms, application-code: 20ms)
 GET /api/entries/today 200 in 28ms (next.js: 5ms, application-code: 23ms)
 GET /api/entries/today 200 in 30ms (next.js: 8ms, application-code: 22ms)
✓ Compiled in 1959ms
 GET / 200 in 3.8s (next.js: 2.2s, application-code: 1555ms)
 GET / 200 in 371ms (next.js: 100ms, application-code: 271ms)
 GET / 200 in 1577ms (next.js: 736ms, application-code: 840ms)
 GET / 200 in 5.5s (next.js: 1622ms, application-code: 3.9s)
 GET / 200 in 398ms (next.js: 249ms, application-code: 149ms)
 GET / 200 in 1644ms (next.js: 502ms, application-code: 1142ms)
 GET /api/entries/today 200 in 520ms (next.js: 447ms, application-code: 73ms)
 GET /api/entries/today 200 in 58ms (next.js: 21ms, application-code: 37ms)
 GET /calendar 200 in 775ms (next.js: 585ms, application-code: 189ms)
 GET /api/entries?month=7&year=2026 200 in 162ms (next.js: 123ms, application-code: 39ms)
 GET /api/entries?month=7&year=2026 200 in 183ms (next.js: 144ms, application-code: 39ms)
 GET /calendar 200 in 229ms (next.js: 40ms, application-code: 189ms)
 GET /discoveries 200 in 567ms (next.js: 401ms, application-code: 166ms)
 GET /api/discoveries 200 in 380ms (next.js: 343ms, application-code: 37ms)
 GET /api/discoveries 200 in 57ms (next.js: 12ms, application-code: 45ms)
 GET /habits 200 in 986ms (next.js: 845ms, application-code: 141ms)
 GET /api/habits?month=7&year=2026 200 in 427ms (next.js: 392ms, application-code: 35ms)
 GET /api/habits?month=7&year=2026 200 in 158ms (next.js: 133ms, application-code: 24ms)
 GET /habits 200 in 172ms (next.js: 30ms, application-code: 142ms)
 GET / 200 in 104ms (next.js: 19ms, application-code: 86ms)
 GET /api/entries/today 200 in 58ms (next.js: 21ms, application-code: 37ms)
 GET /api/entries/today 200 in 54ms (next.js: 15ms, application-code: 39ms)
✓ Compiled in 346ms
 GET / 200 in 1199ms (next.js: 571ms, application-code: 628ms)
 GET / 200 in 473ms (next.js: 20ms, application-code: 453ms)
 GET / 200 in 369ms (next.js: 20ms, application-code: 348ms)
 GET / 200 in 370ms (next.js: 142ms, application-code: 228ms)
 GET / 200 in 372ms (next.js: 238ms, application-code: 134ms)
✓ Compiled in 111ms
 GET / 200 in 1212ms (next.js: 535ms, application-code: 678ms)
 GET / 200 in 411ms (next.js: 40ms, application-code: 372ms)
 GET / 200 in 911ms (next.js: 14ms, application-code: 897ms)
 GET /api/entries/today 200 in 228ms (next.js: 197ms, application-code: 32ms)
 GET /api/entries/today 200 in 37ms (next.js: 14ms, application-code: 23ms)
 GET / 200 in 165ms (next.js: 17ms, application-code: 147ms)
 GET /api/entries/today 200 in 35ms (next.js: 11ms, application-code: 24ms)
 GET /api/entries/today 200 in 45ms (next.js: 13ms, application-code: 32ms)
 GET / 200 in 115ms (next.js: 11ms, application-code: 104ms)
 GET /api/entries/today 200 in 22ms (next.js: 7ms, application-code: 15ms)
 GET /api/entries/today 200 in 18ms (next.js: 5ms, application-code: 13ms)
✓ Compiled in 79ms
✓ Compiled in 81ms
 GET / 200 in 992ms (next.js: 285ms, application-code: 707ms)
 GET / 200 in 474ms (next.js: 257ms, application-code: 217ms)
 GET / 200 in 126ms (next.js: 11ms, application-code: 116ms)
 GET / 200 in 129ms (next.js: 63ms, application-code: 66ms)
 GET /calendar 200 in 402ms (next.js: 305ms, application-code: 97ms)
 GET /api/entries?month=7&year=2026 200 in 186ms (next.js: 148ms, application-code: 38ms)
 GET /api/entries?month=7&year=2026 200 in 24ms (next.js: 7ms, application-code: 17ms)
 GET / 200 in 53ms (next.js: 14ms, application-code: 40ms)
 GET /api/entries/today 200 in 149ms (next.js: 108ms, application-code: 40ms)
 GET /api/entries/today 200 in 37ms (next.js: 9ms, application-code: 28ms)
✓ Compiled in 164ms
✓ Compiled in 1ms
 GET / 200 in 2.8s (next.js: 1077ms, application-code: 1722ms)
 GET / 200 in 895ms (next.js: 496ms, application-code: 399ms)
 GET / 200 in 259ms (next.js: 20ms, application-code: 239ms)
 GET / 200 in 263ms (next.js: 124ms, application-code: 139ms)
 GET /habits 200 in 75ms (next.js: 34ms, application-code: 41ms)
 GET /api/habits?month=7&year=2026 200 in 161ms (next.js: 130ms, application-code: 31ms)
 GET /api/habits?month=7&year=2026 200 in 28ms (next.js: 9ms, application-code: 19ms)
 GET / 200 in 38ms (next.js: 10ms, application-code: 28ms)
 GET /api/entries/today 200 in 151ms (next.js: 117ms, application-code: 34ms)
 GET /api/entries/today 200 in 43ms (next.js: 14ms, application-code: 29ms)
 GET / 200 in 585ms (next.js: 22ms, application-code: 563ms)
 GET /api/entries/today 200 in 27ms (next.js: 8ms, application-code: 19ms)
 GET /api/entries/today 200 in 21ms (next.js: 4ms, application-code: 17ms)
✓ Compiled in 161ms
 GET / 200 in 587ms (next.js: 352ms, application-code: 235ms)
 GET / 200 in 112ms (next.js: 17ms, application-code: 95ms)
✓ Compiled in 117ms
 GET / 200 in 634ms (next.js: 265ms, application-code: 370ms)
 GET / 200 in 243ms (next.js: 31ms, application-code: 212ms)
✓ Compiled in 755ms
 GET / 200 in 620ms (next.js: 323ms, application-code: 296ms)
 GET / 200 in 159ms (next.js: 36ms, application-code: 124ms)
✓ Compiled in 352ms
 GET /api/entries/today 200 in 817ms (next.js: 767ms, application-code: 50ms)
 GET / 200 in 870ms (next.js: 419ms, application-code: 452ms)
 GET / 200 in 512ms (next.js: 23ms, application-code: 490ms)
 GET /api/entries/today 200 in 41ms (next.js: 14ms, application-code: 27ms)
 GET /api/entries/today 200 in 41ms (next.js: 11ms, application-code: 30ms)
✓ Compiled in 68ms
 GET / 200 in 382ms (next.js: 202ms, application-code: 181ms)
 GET / 200 in 95ms (next.js: 22ms, application-code: 72ms)
✓ Compiled in 85ms
 GET / 200 in 371ms (next.js: 200ms, application-code: 171ms)
 GET / 200 in 96ms (next.js: 24ms, application-code: 73ms)
 GET /calendar 200 in 216ms (next.js: 138ms, application-code: 78ms)
 GET /api/entries?month=7&year=2026 200 in 117ms (next.js: 92ms, application-code: 25ms)
 GET /api/entries?month=7&year=2026 200 in 24ms (next.js: 6ms, application-code: 18ms)
 GET /discoveries 200 in 41ms (next.js: 26ms, application-code: 15ms)
 GET /api/discoveries 200 in 106ms (next.js: 86ms, application-code: 21ms)
 GET /api/discoveries 200 in 21ms (next.js: 6ms, application-code: 15ms)
 GET /habits 200 in 54ms (next.js: 25ms, application-code: 28ms)
 GET /api/habits?month=7&year=2026 200 in 119ms (next.js: 101ms, application-code: 18ms)
 GET /api/habits?month=7&year=2026 200 in 25ms (next.js: 6ms, application-code: 19ms)
 GET / 200 in 21ms (next.js: 6ms, application-code: 15ms)
 GET /api/entries/today 200 in 81ms (next.js: 65ms, application-code: 16ms)
 GET /api/entries/today 200 in 19ms (next.js: 6ms, application-code: 13ms)
 GET / 200 in 260ms (next.js: 7ms, application-code: 253ms)
 GET /api/entries/today 200 in 23ms (next.js: 7ms, application-code: 16ms)
 GET /api/entries/today 200 in 19ms (next.js: 6ms, application-code: 13ms)
 GET / 200 in 107ms (next.js: 11ms, application-code: 95ms)
 GET /api/entries/today 200 in 18ms (next.js: 6ms, application-code: 12ms)
 GET /api/entries/today 200 in 16ms (next.js: 5ms, application-code: 11ms)
[?25h
